<http://www.w3.org/1999/02/22-rdf-syntax-ns#type> <http://www.w3.org/1999/02/22-rdf-syntax-ns#type> <http://www.w3.org/1999/02/22-rdf-syntax-ns#Property> .
<http://www.w3.org/1999/02/22-rdf-syntax-ns#type> <http://www.w3.org/2000/01/rdf-schema#comment> "Indicates membership of a class" .
<http://www.w3.org/1999/02/22-rdf-syntax-ns#type> <http://www.w3.org/2000/01/rdf-schema#label> "type"@en .
<http://www.w3.org/1999/02/22-rdf-syntax-ns#type> <http://www.w3.org/2000/01/rdf-schema#label> "type"@fr .
<http://www.w3.org/1999/02/22-rdf-syntax-ns#type> <http://www.w3.org/2000/01/rdf-schema#range> <http://www.w3.org/2000/01/rdf-schema#Class> .
<http://www.w3.org/2000/01/rdf-schema#Class> <http://www.w3.org/1999/02/22-rdf-syntax-ns#type> <http://www.w3.org/2000/01/rdf-schema#Class> .
<http://www.w3.org/2000/01/rdf-schema#Class> <http://www.w3.org/2000/01/rdf-schema#comment> "The concept of Class" .
<http://www.w3.org/2000/01/rdf-schema#Class> <http://www.w3.org/2000/01/rdf-schema#label> "Class"@en .
<http://www.w3.org/2000/01/rdf-schema#Class> <http://www.w3.org/2000/01/rdf-schema#label> "Classe"@fr .
<http://www.w3.org/2000/01/rdf-schema#Class> <http://www.w3.org/2000/01/rdf-schema#subClassOf> <http://www.w3.org/2000/01/rdf-schema#Resource> .
<http://www.w3.org/2000/01/rdf-schema#ConstraintProperty> <http://www.w3.org/1999/02/22-rdf-syntax-ns#type> <http://www.w3.org/2000/01/rdf-schema#Class> .
<http://www.w3.org/2000/01/rdf-schema#ConstraintProperty> <http://www.w3.org/2000/01/rdf-schema#comment> "Properties used to express RDF Schema constraints." .
<http://www.w3.org/2000/01/rdf-schema#ConstraintProperty> <http://www.w3.org/2000/01/rdf-schema#label> "ConstraintProperty"@en .
<http://www.w3.org/2000/01/rdf-schema#ConstraintProperty> <http://www.w3.org/2000/01/rdf-schema#label> "Propri\u00E9t\u00E9Contrainte"@fr .
<http://www.w3.org/2000/01/rdf-schema#ConstraintProperty> <http://www.w3.org/2000/01/rdf-schema#subClassOf> <http://www.w3.org/2000/01/rdf-schema#ConstraintResource> .
<http://www.w3.org/2000/01/rdf-schema#ConstraintProperty> <http://www.w3.org/2000/01/rdf-schema#subClassOf> <http://www.w3.org/1999/02/22-rdf-syntax-ns#Property> .
<http://www.w3.org/2000/01/rdf-schema#ConstraintResource> <http://www.w3.org/1999/02/22-rdf-syntax-ns#type> <http://www.w3.org/2000/01/rdf-schema#Class> .
<http://www.w3.org/2000/01/rdf-schema#ConstraintResource> <http://www.w3.org/1999/02/22-rdf-syntax-ns#type> <http://www.w3.org/2000/01/rdf-schema#Class> .
<http://www.w3.org/2000/01/rdf-schema#ConstraintResource> <http://www.w3.org/2000/01/rdf-schema#comment> "Resources used to express RDF Schema constraints." .
<http://www.w3.org/2000/01/rdf-schema#ConstraintResource> <http://www.w3.org/2000/01/rdf-schema#label> "ConstraintResource"@en .
<http://www.w3.org/2000/01/rdf-schema#ConstraintResource> <http://www.w3.org/2000/01/rdf-schema#label> "RessourceContrainte"@fr .
<http://www.w3.org/2000/01/rdf-schema#ConstraintResource> <http://www.w3.org/2000/01/rdf-schema#subClassOf> <http://www.w3.org/2000/01/rdf-schema#Resource> .
<http://www.w3.org/2000/01/rdf-schema#Container> <http://www.w3.org/1999/02/22-rdf-syntax-ns#type> <http://www.w3.org/2000/01/rdf-schema#Class> .
<http://www.w3.org/2000/01/rdf-schema#Container> <http://www.w3.org/2000/01/rdf-schema#comment> "This represents the set Containers." .
<http://www.w3.org/2000/01/rdf-schema#Container> <http://www.w3.org/2000/01/rdf-schema#label> "Container"@en .
<http://www.w3.org/2000/01/rdf-schema#Container> <http://www.w3.org/2000/01/rdf-schema#label> "Enveloppe"@fr .
<http://www.w3.org/2000/01/rdf-schema#Container> <http://www.w3.org/2000/01/rdf-schema#subClassOf> <http://www.w3.org/2000/01/rdf-schema#Resource> .
<http://www.w3.org/2000/01/rdf-schema#ContainerMembershipProperty> <http://www.w3.org/1999/02/22-rdf-syntax-ns#type> <http://www.w3.org/2000/01/rdf-schema#Class> .
<http://www.w3.org/2000/01/rdf-schema#ContainerMembershipProperty> <http://www.w3.org/2000/01/rdf-schema#label> "ContainerMembershipProperty"@en .
<http://www.w3.org/2000/01/rdf-schema#ContainerMembershipProperty> <http://www.w3.org/2000/01/rdf-schema#subClassOf> <http://www.w3.org/1999/02/22-rdf-syntax-ns#Property> .
<http://www.w3.org/2000/01/rdf-schema#Literal> <http://www.w3.org/1999/02/22-rdf-syntax-ns#type> <http://www.w3.org/2000/01/rdf-schema#Class> .
<http://www.w3.org/2000/01/rdf-schema#Literal> <http://www.w3.org/1999/02/22-rdf-syntax-ns#type> <http://www.w3.org/2000/01/rdf-schema#Class> .
<http://www.w3.org/2000/01/rdf-schema#Literal> <http://www.w3.org/2000/01/rdf-schema#comment> "This represents the set of atomic values, eg. textual strings." .
<http://www.w3.org/2000/01/rdf-schema#Literal> <http://www.w3.org/2000/01/rdf-schema#label> "Literal"@en .
<http://www.w3.org/2000/01/rdf-schema#Literal> <http://www.w3.org/2000/01/rdf-schema#label> "Litt\u00E9ral"@fr .
<http://www.w3.org/2000/01/rdf-schema#Resource> <http://www.w3.org/1999/02/22-rdf-syntax-ns#type> <http://www.w3.org/2000/01/rdf-schema#Class> .
<http://www.w3.org/2000/01/rdf-schema#Resource> <http://www.w3.org/2000/01/rdf-schema#comment> "The most general class" .
<http://www.w3.org/2000/01/rdf-schema#Resource> <http://www.w3.org/2000/01/rdf-schema#label> "Resource"@en .
<http://www.w3.org/2000/01/rdf-schema#Resource> <http://www.w3.org/2000/01/rdf-schema#label> "Ressource"@fr .
<http://www.w3.org/2000/01/rdf-schema#comment> <http://www.w3.org/1999/02/22-rdf-syntax-ns#type> <http://www.w3.org/1999/02/22-rdf-syntax-ns#Property> .
<http://www.w3.org/2000/01/rdf-schema#comment> <http://www.w3.org/2000/01/rdf-schema#comment> "Use this for descriptions" .
<http://www.w3.org/2000/01/rdf-schema#comment> <http://www.w3.org/2000/01/rdf-schema#domain> <http://www.w3.org/2000/01/rdf-schema#Resource> .
<http://www.w3.org/2000/01/rdf-schema#comment> <http://www.w3.org/2000/01/rdf-schema#label> "comment"@en .
<http://www.w3.org/2000/01/rdf-schema#comment> <http://www.w3.org/2000/01/rdf-schema#label> "commentaire"@fr .
<http://www.w3.org/2000/01/rdf-schema#comment> <http://www.w3.org/2000/01/rdf-schema#range> <http://www.w3.org/2000/01/rdf-schema#Literal> .
<http://www.w3.org/2000/01/rdf-schema#domain> <http://www.w3.org/1999/02/22-rdf-syntax-ns#type> <http://www.w3.org/2000/01/rdf-schema#ConstraintProperty> .
<http://www.w3.org/2000/01/rdf-schema#domain> <http://www.w3.org/2000/01/rdf-schema#comment> "This is how we associate a class with properties that its instances can have" .
<http://www.w3.org/2000/01/rdf-schema#domain> <http://www.w3.org/2000/01/rdf-schema#label> "domain"@en .
<http://www.w3.org/2000/01/rdf-schema#domain> <http://www.w3.org/2000/01/rdf-schema#label> "domaine"@fr .
<http://www.w3.org/2000/01/rdf-schema#isDefinedBy> <http://www.w3.org/1999/02/22-rdf-syntax-ns#type> <http://www.w3.org/1999/02/22-rdf-syntax-ns#Property> .
<http://www.w3.org/2000/01/rdf-schema#isDefinedBy> <http://www.w3.org/2000/01/rdf-schema#comment> "Indicates a resource containing and defining the subject resource." .
<http://www.w3.org/2000/01/rdf-schema#isDefinedBy> <http://www.w3.org/2000/01/rdf-schema#domain> <http://www.w3.org/2000/01/rdf-schema#Resource> .
<http://www.w3.org/2000/01/rdf-schema#isDefinedBy> <http://www.w3.org/2000/01/rdf-schema#label> "esD\u00E9finiPar"@fr .
<http://www.w3.org/2000/01/rdf-schema#isDefinedBy> <http://www.w3.org/2000/01/rdf-schema#label> "isDefinedBy"@en .
<http://www.w3.org/2000/01/rdf-schema#isDefinedBy> <http://www.w3.org/2000/01/rdf-schema#range> <http://www.w3.org/2000/01/rdf-schema#Resource> .
<http://www.w3.org/2000/01/rdf-schema#isDefinedBy> <http://www.w3.org/2000/01/rdf-schema#subPropertyOf> <http://www.w3.org/2000/01/rdf-schema#seeAlso> .
<http://www.w3.org/2000/01/rdf-schema#label> <http://www.w3.org/1999/02/22-rdf-syntax-ns#type> <http://www.w3.org/1999/02/22-rdf-syntax-ns#Property> .
<http://www.w3.org/2000/01/rdf-schema#label> <http://www.w3.org/2000/01/rdf-schema#comment> "Provides a human-readable version of a resource name." .
<http://www.w3.org/2000/01/rdf-schema#label> <http://www.w3.org/2000/01/rdf-schema#domain> <http://www.w3.org/2000/01/rdf-schema#Resource> .
<http://www.w3.org/2000/01/rdf-schema#label> <http://www.w3.org/2000/01/rdf-schema#label> "label"@en .
<http://www.w3.org/2000/01/rdf-schema#label> <http://www.w3.org/2000/01/rdf-schema#label> "label"@fr .
<http://www.w3.org/2000/01/rdf-schema#label> <http://www.w3.org/2000/01/rdf-schema#range> <http://www.w3.org/2000/01/rdf-schema#Literal> .
<http://www.w3.org/2000/01/rdf-schema#range> <http://www.w3.org/1999/02/22-rdf-syntax-ns#type> <http://www.w3.org/2000/01/rdf-schema#ConstraintProperty> .
<http://www.w3.org/2000/01/rdf-schema#range> <http://www.w3.org/2000/01/rdf-schema#comment> "Properties that can be used in a schema to provide constraints" .
<http://www.w3.org/2000/01/rdf-schema#range> <http://www.w3.org/2000/01/rdf-schema#domain> <http://www.w3.org/1999/02/22-rdf-syntax-ns#Property> .
<http://www.w3.org/2000/01/rdf-schema#range> <http://www.w3.org/2000/01/rdf-schema#label> "range"@en .
<http://www.w3.org/2000/01/rdf-schema#range> <http://www.w3.org/2000/01/rdf-schema#label> "\u00E9tendue"@fr .
<http://www.w3.org/2000/01/rdf-schema#range> <http://www.w3.org/2000/01/rdf-schema#range> <http://www.w3.org/2000/01/rdf-schema#Class> .
<http://www.w3.org/2000/01/rdf-schema#seeAlso> <http://www.w3.org/1999/02/22-rdf-syntax-ns#type> <http://www.w3.org/1999/02/22-rdf-syntax-ns#Property> .
<http://www.w3.org/2000/01/rdf-schema#seeAlso> <http://www.w3.org/2000/01/rdf-schema#comment> "Indicates a resource that provides information about the subject resource." .
<http://www.w3.org/2000/01/rdf-schema#seeAlso> <http://www.w3.org/2000/01/rdf-schema#domain> <http://www.w3.org/2000/01/rdf-schema#Resource> .
<http://www.w3.org/2000/01/rdf-schema#seeAlso> <http://www.w3.org/2000/01/rdf-schema#label> "seeAlso"@en .
<http://www.w3.org/2000/01/rdf-schema#seeAlso> <http://www.w3.org/2000/01/rdf-schema#label> "voirAussi"@fr .
<http://www.w3.org/2000/01/rdf-schema#seeAlso> <http://www.w3.org/2000/01/rdf-schema#range> <http://www.w3.org/2000/01/rdf-schema#Resource> .
<http://www.w3.org/2000/01/rdf-schema#subClassOf> <http://www.w3.org/1999/02/22-rdf-syntax-ns#type> <http://www.w3.org/1999/02/22-rdf-syntax-ns#Property> .
<http://www.w3.org/2000/01/rdf-schema#subClassOf> <http://www.w3.org/2000/01/rdf-schema#comment> "Indicates membership of a class" .
<http://www.w3.org/2000/01/rdf-schema#subClassOf> <http://www.w3.org/2000/01/rdf-schema#domain> <http://www.w3.org/2000/01/rdf-schema#Class> .
<http://www.w3.org/2000/01/rdf-schema#subClassOf> <http://www.w3.org/2000/01/rdf-schema#label> "sousClasseDe"@fr .
<http://www.w3.org/2000/01/rdf-schema#subClassOf> <http://www.w3.org/2000/01/rdf-schema#label> "subClassOf"@en .
<http://www.w3.org/2000/01/rdf-schema#subClassOf> <http://www.w3.org/2000/01/rdf-schema#range> <http://www.w3.org/2000/01/rdf-schema#Class> .
<http://www.w3.org/2000/01/rdf-schema#subPropertyOf> <http://www.w3.org/1999/02/22-rdf-syntax-ns#type> <http://www.w3.org/1999/02/22-rdf-syntax-ns#Property> .
<http://www.w3.org/2000/01/rdf-schema#subPropertyOf> <http://www.w3.org/2000/01/rdf-schema#comment> "Indicates specialization of properties" .
<http://www.w3.org/2000/01/rdf-schema#subPropertyOf> <http://www.w3.org/2000/01/rdf-schema#domain> <http://www.w3.org/1999/02/22-rdf-syntax-ns#Property> .
<http://www.w3.org/2000/01/rdf-schema#subPropertyOf> <http://www.w3.org/2000/01/rdf-schema#label> "sousPropri\u00E9t\u00E9De"@fr .
<http://www.w3.org/2000/01/rdf-schema#subPropertyOf> <http://www.w3.org/2000/01/rdf-schema#label> "subPropertyOf"@en .
<http://www.w3.org/2000/01/rdf-schema#subPropertyOf> <http://www.w3.org/2000/01/rdf-schema#range> <http://www.w3.org/1999/02/22-rdf-syntax-ns#Property> .
<http://www.w3.org/1999/02/22-rdf-syntax-ns#Alt> <http://www.w3.org/1999/02/22-rdf-syntax-ns#type> <http://www.w3.org/2000/01/rdf-schema#Class> .
<http://www.w3.org/1999/02/22-rdf-syntax-ns#Alt> <http://www.w3.org/2000/01/rdf-schema#label> "Alt"@en .
<http://www.w3.org/1999/02/22-rdf-syntax-ns#Alt> <http://www.w3.org/2000/01/rdf-schema#label> "Choix"@fr .
<http://www.w3.org/1999/02/22-rdf-syntax-ns#Alt> <http://www.w3.org/2000/01/rdf-schema#subClassOf> <http://www.w3.org/2000/01/rdf-schema#Container> .
<http://www.w3.org/1999/02/22-rdf-syntax-ns#Bag> <http://www.w3.org/1999/02/22-rdf-syntax-ns#type> <http://www.w3.org/2000/01/rdf-schema#Class> .
<http://www.w3.org/1999/02/22-rdf-syntax-ns#Bag> <http://www.w3.org/2000/01/rdf-schema#label> "Bag"@en .
<http://www.w3.org/1999/02/22-rdf-syntax-ns#Bag> <http://www.w3.org/2000/01/rdf-schema#label> "Ensemble"@fr .
<http://www.w3.org/1999/02/22-rdf-syntax-ns#Bag> <http://www.w3.org/2000/01/rdf-schema#subClassOf> <http://www.w3.org/2000/01/rdf-schema#Container> .
<http://www.w3.org/1999/02/22-rdf-syntax-ns#Property> <http://www.w3.org/1999/02/22-rdf-syntax-ns#type> <http://www.w3.org/2000/01/rdf-schema#Class> .
<http://www.w3.org/1999/02/22-rdf-syntax-ns#Property> <http://www.w3.org/2000/01/rdf-schema#comment> "The concept of a property." .
<http://www.w3.org/1999/02/22-rdf-syntax-ns#Property> <http://www.w3.org/2000/01/rdf-schema#label> "Property"@en .
<http://www.w3.org/1999/02/22-rdf-syntax-ns#Property> <http://www.w3.org/2000/01/rdf-schema#label> "Propri\u00E9t\u00E9"@fr .
<http://www.w3.org/1999/02/22-rdf-syntax-ns#Property> <http://www.w3.org/2000/01/rdf-schema#subClassOf> <http://www.w3.org/2000/01/rdf-schema#Resource> .
<http://www.w3.org/1999/02/22-rdf-syntax-ns#Seq> <http://www.w3.org/1999/02/22-rdf-syntax-ns#type> <http://www.w3.org/2000/01/rdf-schema#Class> .
<http://www.w3.org/1999/02/22-rdf-syntax-ns#Seq> <http://www.w3.org/2000/01/rdf-schema#label> "Sequence"@en .
<http://www.w3.org/1999/02/22-rdf-syntax-ns#Seq> <http://www.w3.org/2000/01/rdf-schema#label> "S\u00E9quence"@fr .
<http://www.w3.org/1999/02/22-rdf-syntax-ns#Seq> <http://www.w3.org/2000/01/rdf-schema#subClassOf> <http://www.w3.org/2000/01/rdf-schema#Container> .
<http://www.w3.org/1999/02/22-rdf-syntax-ns#Statement> <http://www.w3.org/1999/02/22-rdf-syntax-ns#type> <http://www.w3.org/2000/01/rdf-schema#Class> .
<http://www.w3.org/1999/02/22-rdf-syntax-ns#Statement> <http://www.w3.org/2000/01/rdf-schema#comment> "This represents the set of reified statements." .
<http://www.w3.org/1999/02/22-rdf-syntax-ns#Statement> <http://www.w3.org/2000/01/rdf-schema#label> "D\u00E9claration"@fr .
<http://www.w3.org/1999/02/22-rdf-syntax-ns#Statement> <http://www.w3.org/2000/01/rdf-schema#label> "Statement"@en .
<http://www.w3.org/1999/02/22-rdf-syntax-ns#Statement> <http://www.w3.org/2000/01/rdf-schema#subClassOf> <http://www.w3.org/2000/01/rdf-schema#Resource> .
<http://www.w3.org/1999/02/22-rdf-syntax-ns#object> <http://www.w3.org/1999/02/22-rdf-syntax-ns#type> <http://www.w3.org/1999/02/22-rdf-syntax-ns#Property> .
<http://www.w3.org/1999/02/22-rdf-syntax-ns#object> <http://www.w3.org/2000/01/rdf-schema#domain> <http://www.w3.org/1999/02/22-rdf-syntax-ns#Statement> .
<http://www.w3.org/1999/02/22-rdf-syntax-ns#object> <http://www.w3.org/2000/01/rdf-schema#label> "object"@en .
<http://www.w3.org/1999/02/22-rdf-syntax-ns#object> <http://www.w3.org/2000/01/rdf-schema#label> "objet"@fr .
<http://www.w3.org/1999/02/22-rdf-syntax-ns#predicate> <http://www.w3.org/1999/02/22-rdf-syntax-ns#type> <http://www.w3.org/1999/02/22-rdf-syntax-ns#Property> .
<http://www.w3.org/1999/02/22-rdf-syntax-ns#predicate> <http://www.w3.org/2000/01/rdf-schema#domain> <http://www.w3.org/1999/02/22-rdf-syntax-ns#Statement> .
<http://www.w3.org/1999/02/22-rdf-syntax-ns#predicate> <http://www.w3.org/2000/01/rdf-schema#label> "predicate"@en .
<http://www.w3.org/1999/02/22-rdf-syntax-ns#predicate> <http://www.w3.org/2000/01/rdf-schema#label> "pr\u00E9dicat"@fr .
<http://www.w3.org/1999/02/22-rdf-syntax-ns#predicate> <http://www.w3.org/2000/01/rdf-schema#range> <http://www.w3.org/1999/02/22-rdf-syntax-ns#Property> .
<http://www.w3.org/1999/02/22-rdf-syntax-ns#subject> <http://www.w3.org/1999/02/22-rdf-syntax-ns#type> <http://www.w3.org/1999/02/22-rdf-syntax-ns#Property> .
<http://www.w3.org/1999/02/22-rdf-syntax-ns#subject> <http://www.w3.org/2000/01/rdf-schema#domain> <http://www.w3.org/1999/02/22-rdf-syntax-ns#Statement> .
<http://www.w3.org/1999/02/22-rdf-syntax-ns#subject> <http://www.w3.org/2000/01/rdf-schema#label> "subject"@en .
<http://www.w3.org/1999/02/22-rdf-syntax-ns#subject> <http://www.w3.org/2000/01/rdf-schema#label> "sujet"@fr .
<http://www.w3.org/1999/02/22-rdf-syntax-ns#subject> <http://www.w3.org/2000/01/rdf-schema#range> <http://www.w3.org/2000/01/rdf-schema#Resource> .
<http://www.w3.org/1999/02/22-rdf-syntax-ns#value> <http://www.w3.org/1999/02/22-rdf-syntax-ns#type> <http://www.w3.org/1999/02/22-rdf-syntax-ns#Property> .
<http://www.w3.org/1999/02/22-rdf-syntax-ns#value> <http://www.w3.org/2000/01/rdf-schema#label> "object"@en .
<http://www.w3.org/1999/02/22-rdf-syntax-ns#value> <http://www.w3.org/2000/01/rdf-schema#label> "value"@fr .
<http://www.w3.org/2000/01/rdf-schema#> <http://www.w3.org/2000/01/rdf-schema#seeAlso> <http://www.w3.org/2000/01/rdf-schema-more> .
