<http://www.w3.org/1999/02/22-rdf-syntax-ns#type> <http://www.w3.org/1999/02/22-rdf-syntax-ns#type> <http://www.w3.org/1999/02/22-rdf-syntax-ns#Property> .
<http://www.w3.org/1999/02/22-rdf-syntax-ns#type> <http://www.w3.org/2000/01/rdf-schema#comment> "Indicates membership of a class" .
<http://www.w3.org/1999/02/22-rdf-syntax-ns#type> <http://www.w3.org/2000/01/rdf-schema#domain> <http://www.w3.org/2000/01/rdf-schema#Resource> .
<http://www.w3.org/1999/02/22-rdf-syntax-ns#type> <http://www.w3.org/2000/01/rdf-schema#isDefinedBy> <http://www.w3.org/1999/02/22-rdf-syntax-ns#> .
<http://www.w3.org/1999/02/22-rdf-syntax-ns#type> <http://www.w3.org/2000/01/rdf-schema#label> "type"@en .
<http://www.w3.org/1999/02/22-rdf-syntax-ns#type> <http://www.w3.org/2000/01/rdf-schema#range> <http://www.w3.org/2000/01/rdf-schema#Class> .
<http://www.w3.org/1999/02/22-rdf-syntax-ns#Alt> <http://www.w3.org/1999/02/22-rdf-syntax-ns#type> <http://www.w3.org/2000/01/rdf-schema#Class> .
<http://www.w3.org/1999/02/22-rdf-syntax-ns#Alt> <http://www.w3.org/2000/01/rdf-schema#comment> "A collection of alternatives."@en .
<http://www.w3.org/1999/02/22-rdf-syntax-ns#Alt> <http://www.w3.org/2000/01/rdf-schema#isDefinedBy> <http://www.w3.org/1999/02/22-rdf-syntax-ns#> .
<http://www.w3.org/1999/02/22-rdf-syntax-ns#Alt> <http://www.w3.org/2000/01/rdf-schema#label> "Alt"@en .
<http://www.w3.org/1999/02/22-rdf-syntax-ns#Alt> <http://www.w3.org/2000/01/rdf-schema#subClassOf> <http://www.w3.org/2000/01/rdf-schema#Container> .
<http://www.w3.org/1999/02/22-rdf-syntax-ns#Bag> <http://www.w3.org/1999/02/22-rdf-syntax-ns#type> <http://www.w3.org/2000/01/rdf-schema#Class> .
<http://www.w3.org/1999/02/22-rdf-syntax-ns#Bag> <http://www.w3.org/2000/01/rdf-schema#comment> "An unordered collection."@en .
<http://www.w3.org/1999/02/22-rdf-syntax-ns#Bag> <http://www.w3.org/2000/01/rdf-schema#isDefinedBy> <http://www.w3.org/1999/02/22-rdf-syntax-ns#> .
<http://www.w3.org/1999/02/22-rdf-syntax-ns#Bag> <http://www.w3.org/2000/01/rdf-schema#label> "Bag"@en .
<http://www.w3.org/1999/02/22-rdf-syntax-ns#Bag> <http://www.w3.org/2000/01/rdf-schema#subClassOf> <http://www.w3.org/2000/01/rdf-schema#Container> .
<http://www.w3.org/1999/02/22-rdf-syntax-ns#Property> <http://www.w3.org/1999/02/22-rdf-syntax-ns#type> <http://www.w3.org/2000/01/rdf-schema#Class> .
<http://www.w3.org/1999/02/22-rdf-syntax-ns#Property> <http://www.w3.org/2000/01/rdf-schema#comment> "The concept of a property." .
<http://www.w3.org/1999/02/22-rdf-syntax-ns#Property> <http://www.w3.org/2000/01/rdf-schema#isDefinedBy> <http://www.w3.org/1999/02/22-rdf-syntax-ns#> .
<http://www.w3.org/1999/02/22-rdf-syntax-ns#Property> <http://www.w3.org/2000/01/rdf-schema#label> "Property"@en .
<http://www.w3.org/1999/02/22-rdf-syntax-ns#Property> <http://www.w3.org/2000/01/rdf-schema#subClassOf> <http://www.w3.org/2000/01/rdf-schema#Resource> .
<http://www.w3.org/1999/02/22-rdf-syntax-ns#Seq> <http://www.w3.org/1999/02/22-rdf-syntax-ns#type> <http://www.w3.org/2000/01/rdf-schema#Class> .
<http://www.w3.org/1999/02/22-rdf-syntax-ns#Seq> <http://www.w3.org/2000/01/rdf-schema#comment> "An ordered collection."@en .
<http://www.w3.org/1999/02/22-rdf-syntax-ns#Seq> <http://www.w3.org/2000/01/rdf-schema#isDefinedBy> <http://www.w3.org/1999/02/22-rdf-syntax-ns#> .
<http://www.w3.org/1999/02/22-rdf-syntax-ns#Seq> <http://www.w3.org/2000/01/rdf-schema#label> "Seq"@en .
<http://www.w3.org/1999/02/22-rdf-syntax-ns#Seq> <http://www.w3.org/2000/01/rdf-schema#subClassOf> <http://www.w3.org/2000/01/rdf-schema#Container> .
<http://www.w3.org/1999/02/22-rdf-syntax-ns#Statement> <http://www.w3.org/1999/02/22-rdf-syntax-ns#type> <http://www.w3.org/2000/01/rdf-schema#Class> .
<http://www.w3.org/1999/02/22-rdf-syntax-ns#Statement> <http://www.w3.org/2000/01/rdf-schema#comment> "The class of RDF statements." .
<http://www.w3.org/1999/02/22-rdf-syntax-ns#Statement> <http://www.w3.org/2000/01/rdf-schema#isDefinedBy> <http://www.w3.org/1999/02/22-rdf-syntax-ns#> .
<http://www.w3.org/1999/02/22-rdf-syntax-ns#Statement> <http://www.w3.org/2000/01/rdf-schema#label> "Statement"@en .
<http://www.w3.org/1999/02/22-rdf-syntax-ns#Statement> <http://www.w3.org/2000/01/rdf-schema#subClassOf> <http://www.w3.org/2000/01/rdf-schema#Resource> .
<http://www.w3.org/1999/02/22-rdf-syntax-ns#object> <http://www.w3.org/1999/02/22-rdf-syntax-ns#type> <http://www.w3.org/1999/02/22-rdf-syntax-ns#Property> .
<http://www.w3.org/1999/02/22-rdf-syntax-ns#object> <http://www.w3.org/2000/01/rdf-schema#comment> "The object of an RDF statement." .
<http://www.w3.org/1999/02/22-rdf-syntax-ns#object> <http://www.w3.org/2000/01/rdf-schema#domain> <http://www.w3.org/1999/02/22-rdf-syntax-ns#Statement> .
<http://www.w3.org/1999/02/22-rdf-syntax-ns#object> <http://www.w3.org/2000/01/rdf-schema#isDefinedBy> <http://www.w3.org/1999/02/22-rdf-syntax-ns#> .
<http://www.w3.org/1999/02/22-rdf-syntax-ns#object> <http://www.w3.org/2000/01/rdf-schema#label> "object"@en .
<http://www.w3.org/1999/02/22-rdf-syntax-ns#predicate> <http://www.w3.org/1999/02/22-rdf-syntax-ns#type> <http://www.w3.org/1999/02/22-rdf-syntax-ns#Property> .
<http://www.w3.org/1999/02/22-rdf-syntax-ns#predicate> <http://www.w3.org/2000/01/rdf-schema#comment> "the predicate of an RDF statement." .
<http://www.w3.org/1999/02/22-rdf-syntax-ns#predicate> <http://www.w3.org/2000/01/rdf-schema#domain> <http://www.w3.org/1999/02/22-rdf-syntax-ns#Statement> .
<http://www.w3.org/1999/02/22-rdf-syntax-ns#predicate> <http://www.w3.org/2000/01/rdf-schema#isDefinedBy> <http://www.w3.org/1999/02/22-rdf-syntax-ns#> .
<http://www.w3.org/1999/02/22-rdf-syntax-ns#predicate> <http://www.w3.org/2000/01/rdf-schema#label> "predicate"@en .
<http://www.w3.org/1999/02/22-rdf-syntax-ns#predicate> <http://www.w3.org/2000/01/rdf-schema#range> <http://www.w3.org/1999/02/22-rdf-syntax-ns#Property> .
<http://www.w3.org/1999/02/22-rdf-syntax-ns#subject> <http://www.w3.org/1999/02/22-rdf-syntax-ns#type> <http://www.w3.org/1999/02/22-rdf-syntax-ns#Property> .
<http://www.w3.org/1999/02/22-rdf-syntax-ns#subject> <http://www.w3.org/2000/01/rdf-schema#comment> "The subject of an RDF statement." .
<http://www.w3.org/1999/02/22-rdf-syntax-ns#subject> <http://www.w3.org/2000/01/rdf-schema#domain> <http://www.w3.org/1999/02/22-rdf-syntax-ns#Statement> .
<http://www.w3.org/1999/02/22-rdf-syntax-ns#subject> <http://www.w3.org/2000/01/rdf-schema#isDefinedBy> <http://www.w3.org/1999/02/22-rdf-syntax-ns#> .
<http://www.w3.org/1999/02/22-rdf-syntax-ns#subject> <http://www.w3.org/2000/01/rdf-schema#label> "subject"@en .
<http://www.w3.org/1999/02/22-rdf-syntax-ns#subject> <http://www.w3.org/2000/01/rdf-schema#range> <http://www.w3.org/2000/01/rdf-schema#Resource> .
<http://www.w3.org/1999/02/22-rdf-syntax-ns#value> <http://www.w3.org/1999/02/22-rdf-syntax-ns#type> <http://www.w3.org/1999/02/22-rdf-syntax-ns#Property> .
<http://www.w3.org/1999/02/22-rdf-syntax-ns#value> <http://www.w3.org/2000/01/rdf-schema#comment> "Identifies the principal value (usually a string) of a property when the property value is a structured resource" .
<http://www.w3.org/1999/02/22-rdf-syntax-ns#value> <http://www.w3.org/2000/01/rdf-schema#domain> <http://www.w3.org/2000/01/rdf-schema#Resource> .
<http://www.w3.org/1999/02/22-rdf-syntax-ns#value> <http://www.w3.org/2000/01/rdf-schema#isDefinedBy> <http://www.w3.org/1999/02/22-rdf-syntax-ns#> .
<http://www.w3.org/1999/02/22-rdf-syntax-ns#value> <http://www.w3.org/2000/01/rdf-schema#label> "value"@en .
<http://www.w3.org/2000/01/rdf-schema#> <http://www.w3.org/2000/01/rdf-schema#seeAlso> <http://www.w3.org/2000/01/rdf-schema-more> .
<http://www.w3.org/2000/01/rdf-schema#Class> <http://www.w3.org/1999/02/22-rdf-syntax-ns#type> <http://www.w3.org/2000/01/rdf-schema#Class> .
<http://www.w3.org/2000/01/rdf-schema#Class> <http://www.w3.org/2000/01/rdf-schema#comment> "The concept of Class" .
<http://www.w3.org/2000/01/rdf-schema#Class> <http://www.w3.org/2000/01/rdf-schema#isDefinedBy> <http://www.w3.org/2000/01/rdf-schema#> .
<http://www.w3.org/2000/01/rdf-schema#Class> <http://www.w3.org/2000/01/rdf-schema#label> "Class"@en .
<http://www.w3.org/2000/01/rdf-schema#Class> <http://www.w3.org/2000/01/rdf-schema#subClassOf> <http://www.w3.org/2000/01/rdf-schema#Resource> .
<http://www.w3.org/2000/01/rdf-schema#Container> <http://www.w3.org/1999/02/22-rdf-syntax-ns#type> <http://www.w3.org/2000/01/rdf-schema#Class> .
<http://www.w3.org/2000/01/rdf-schema#Container> <http://www.w3.org/2000/01/rdf-schema#comment> "This represents the set Containers." .
<http://www.w3.org/2000/01/rdf-schema#Container> <http://www.w3.org/2000/01/rdf-schema#isDefinedBy> <http://www.w3.org/2000/01/rdf-schema#> .
<http://www.w3.org/2000/01/rdf-schema#Container> <http://www.w3.org/2000/01/rdf-schema#label> "Container"@en .
<http://www.w3.org/2000/01/rdf-schema#Container> <http://www.w3.org/2000/01/rdf-schema#subClassOf> <http://www.w3.org/2000/01/rdf-schema#Resource> .
<http://www.w3.org/2000/01/rdf-schema#ContainerMembershipProperty> <http://www.w3.org/1999/02/22-rdf-syntax-ns#type> <http://www.w3.org/2000/01/rdf-schema#Class> .
<http://www.w3.org/2000/01/rdf-schema#ContainerMembershipProperty> <http://www.w3.org/2000/01/rdf-schema#comment> "The container membership properties, rdf:1, rdf:2, ..., all of which are sub-properties of 'member'." .
<http://www.w3.org/2000/01/rdf-schema#ContainerMembershipProperty> <http://www.w3.org/2000/01/rdf-schema#isDefinedBy> <http://www.w3.org/2000/01/rdf-schema#> .
<http://www.w3.org/2000/01/rdf-schema#ContainerMembershipProperty> <http://www.w3.org/2000/01/rdf-schema#label> "ContainerMembershipProperty"@en .
<http://www.w3.org/2000/01/rdf-schema#ContainerMembershipProperty> <http://www.w3.org/2000/01/rdf-schema#subClassOf> <http://www.w3.org/1999/02/22-rdf-syntax-ns#Property> .
<http://www.w3.org/2000/01/rdf-schema#Literal> <http://www.w3.org/1999/02/22-rdf-syntax-ns#type> <http://www.w3.org/2000/01/rdf-schema#Class> .
<http://www.w3.org/2000/01/rdf-schema#Literal> <http://www.w3.org/2000/01/rdf-schema#comment> "This represents the set of atomic values, eg. textual strings." .
<http://www.w3.org/2000/01/rdf-schema#Literal> <http://www.w3.org/2000/01/rdf-schema#isDefinedBy> <http://www.w3.org/2000/01/rdf-schema#> .
<http://www.w3.org/2000/01/rdf-schema#Literal> <http://www.w3.org/2000/01/rdf-schema#label> "Literal"@en .
<http://www.w3.org/2000/01/rdf-schema#Resource> <http://www.w3.org/1999/02/22-rdf-syntax-ns#type> <http://www.w3.org/2000/01/rdf-schema#Class> .
<http://www.w3.org/2000/01/rdf-schema#Resource> <http://www.w3.org/2000/01/rdf-schema#comment> "The class resource, everything." .
<http://www.w3.org/2000/01/rdf-schema#Resource> <http://www.w3.org/2000/01/rdf-schema#isDefinedBy> <http://www.w3.org/2000/01/rdf-schema#> .
<http://www.w3.org/2000/01/rdf-schema#Resource> <http://www.w3.org/2000/01/rdf-schema#label> "Resource"@en .
<http://www.w3.org/2000/01/rdf-schema#comment> <http://www.w3.org/1999/02/22-rdf-syntax-ns#type> <http://www.w3.org/1999/02/22-rdf-syntax-ns#Property> .
<http://www.w3.org/2000/01/rdf-schema#comment> <http://www.w3.org/2000/01/rdf-schema#comment> "Use this for descriptions" .
<http://www.w3.org/2000/01/rdf-schema#comment> <http://www.w3.org/2000/01/rdf-schema#domain> <http://www.w3.org/2000/01/rdf-schema#Resource> .
<http://www.w3.org/2000/01/rdf-schema#comment> <http://www.w3.org/2000/01/rdf-schema#isDefinedBy> <http://www.w3.org/2000/01/rdf-schema#> .
<http://www.w3.org/2000/01/rdf-schema#comment> <http://www.w3.org/2000/01/rdf-schema#label> "comment"@en .
<http://www.w3.org/2000/01/rdf-schema#comment> <http://www.w3.org/2000/01/rdf-schema#range> <http://www.w3.org/2000/01/rdf-schema#Literal> .
<http://www.w3.org/2000/01/rdf-schema#domain> <http://www.w3.org/1999/02/22-rdf-syntax-ns#type> <http://www.w3.org/1999/02/22-rdf-syntax-ns#Property> .
<http://www.w3.org/2000/01/rdf-schema#domain> <http://www.w3.org/2000/01/rdf-schema#comment> "A domain class for a property type" .
<http://www.w3.org/2000/01/rdf-schema#domain> <http://www.w3.org/2000/01/rdf-schema#domain> <http://www.w3.org/1999/02/22-rdf-syntax-ns#Property> .
<http://www.w3.org/2000/01/rdf-schema#domain> <http://www.w3.org/2000/01/rdf-schema#isDefinedBy> <http://www.w3.org/2000/01/rdf-schema#> .
<http://www.w3.org/2000/01/rdf-schema#domain> <http://www.w3.org/2000/01/rdf-schema#label> "domain"@en .
<http://www.w3.org/2000/01/rdf-schema#domain> <http://www.w3.org/2000/01/rdf-schema#range> <http://www.w3.org/2000/01/rdf-schema#Class> .
<http://www.w3.org/2000/01/rdf-schema#isDefinedBy> <http://www.w3.org/1999/02/22-rdf-syntax-ns#type> <http://www.w3.org/1999/02/22-rdf-syntax-ns#Property> .
<http://www.w3.org/2000/01/rdf-schema#isDefinedBy> <http://www.w3.org/2000/01/rdf-schema#comment> "Indicates the namespace of a resource" .
<http://www.w3.org/2000/01/rdf-schema#isDefinedBy> <http://www.w3.org/2000/01/rdf-schema#domain> <http://www.w3.org/2000/01/rdf-schema#Resource> .
<http://www.w3.org/2000/01/rdf-schema#isDefinedBy> <http://www.w3.org/2000/01/rdf-schema#isDefinedBy> <http://www.w3.org/2000/01/rdf-schema#> .
<http://www.w3.org/2000/01/rdf-schema#isDefinedBy> <http://www.w3.org/2000/01/rdf-schema#label> "isDefinedBy"@en .
<http://www.w3.org/2000/01/rdf-schema#isDefinedBy> <http://www.w3.org/2000/01/rdf-schema#range> <http://www.w3.org/2000/01/rdf-schema#Resource> .
<http://www.w3.org/2000/01/rdf-schema#isDefinedBy> <http://www.w3.org/2000/01/rdf-schema#subPropertyOf> <http://www.w3.org/2000/01/rdf-schema#seeAlso> .
<http://www.w3.org/2000/01/rdf-schema#label> <http://www.w3.org/1999/02/22-rdf-syntax-ns#type> <http://www.w3.org/1999/02/22-rdf-syntax-ns#Property> .
<http://www.w3.org/2000/01/rdf-schema#label> <http://www.w3.org/2000/01/rdf-schema#comment> "Provides a human-readable version of a resource name." .
<http://www.w3.org/2000/01/rdf-schema#label> <http://www.w3.org/2000/01/rdf-schema#domain> <http://www.w3.org/2000/01/rdf-schema#Resource> .
<http://www.w3.org/2000/01/rdf-schema#label> <http://www.w3.org/2000/01/rdf-schema#isDefinedBy> <http://www.w3.org/2000/01/rdf-schema#> .
<http://www.w3.org/2000/01/rdf-schema#label> <http://www.w3.org/2000/01/rdf-schema#label> "label"@en .
<http://www.w3.org/2000/01/rdf-schema#label> <http://www.w3.org/2000/01/rdf-schema#range> <http://www.w3.org/2000/01/rdf-schema#Literal> .
<http://www.w3.org/2000/01/rdf-schema#member> <http://www.w3.org/1999/02/22-rdf-syntax-ns#type> <http://www.w3.org/1999/02/22-rdf-syntax-ns#Property> .
<http://www.w3.org/2000/01/rdf-schema#member> <http://www.w3.org/2000/01/rdf-schema#comment> "a member of a container" .
<http://www.w3.org/2000/01/rdf-schema#member> <http://www.w3.org/2000/01/rdf-schema#domain> <http://www.w3.org/2000/01/rdf-schema#Container> .
<http://www.w3.org/2000/01/rdf-schema#member> <http://www.w3.org/2000/01/rdf-schema#isDefinedBy> <http://www.w3.org/2000/01/rdf-schema#> .
<http://www.w3.org/2000/01/rdf-schema#member> <http://www.w3.org/2000/01/rdf-schema#label> "member"@en .
<http://www.w3.org/2000/01/rdf-schema#range> <http://www.w3.org/1999/02/22-rdf-syntax-ns#type> <http://www.w3.org/1999/02/22-rdf-syntax-ns#Property> .
<http://www.w3.org/2000/01/rdf-schema#range> <http://www.w3.org/2000/01/rdf-schema#comment> "A range class for a property type" .
<http://www.w3.org/2000/01/rdf-schema#range> <http://www.w3.org/2000/01/rdf-schema#domain> <http://www.w3.org/1999/02/22-rdf-syntax-ns#Property> .
<http://www.w3.org/2000/01/rdf-schema#range> <http://www.w3.org/2000/01/rdf-schema#isDefinedBy> <http://www.w3.org/2000/01/rdf-schema#> .
<http://www.w3.org/2000/01/rdf-schema#range> <http://www.w3.org/2000/01/rdf-schema#label> "range"@en .
<http://www.w3.org/2000/01/rdf-schema#range> <http://www.w3.org/2000/01/rdf-schema#range> <http://www.w3.org/2000/01/rdf-schema#Class> .
<http://www.w3.org/2000/01/rdf-schema#seeAlso> <http://www.w3.org/1999/02/22-rdf-syntax-ns#type> <http://www.w3.org/1999/02/22-rdf-syntax-ns#Property> .
<http://www.w3.org/2000/01/rdf-schema#seeAlso> <http://www.w3.org/2000/01/rdf-schema#comment> "A resource that provides information about the subject resource" .
<http://www.w3.org/2000/01/rdf-schema#seeAlso> <http://www.w3.org/2000/01/rdf-schema#domain> <http://www.w3.org/2000/01/rdf-schema#Resource> .
<http://www.w3.org/2000/01/rdf-schema#seeAlso> <http://www.w3.org/2000/01/rdf-schema#isDefinedBy> <http://www.w3.org/2000/01/rdf-schema#> .
<http://www.w3.org/2000/01/rdf-schema#seeAlso> <http://www.w3.org/2000/01/rdf-schema#label> "seeAlso"@en .
<http://www.w3.org/2000/01/rdf-schema#seeAlso> <http://www.w3.org/2000/01/rdf-schema#range> <http://www.w3.org/2000/01/rdf-schema#Resource> .
<http://www.w3.org/2000/01/rdf-schema#subClassOf> <http://www.w3.org/1999/02/22-rdf-syntax-ns#type> <http://www.w3.org/1999/02/22-rdf-syntax-ns#Property> .
<http://www.w3.org/2000/01/rdf-schema#subClassOf> <http://www.w3.org/2000/01/rdf-schema#comment> "Indicates membership of a class" .
<http://www.w3.org/2000/01/rdf-schema#subClassOf> <http://www.w3.org/2000/01/rdf-schema#domain> <http://www.w3.org/2000/01/rdf-schema#Class> .
<http://www.w3.org/2000/01/rdf-schema#subClassOf> <http://www.w3.org/2000/01/rdf-schema#isDefinedBy> <http://www.w3.org/2000/01/rdf-schema#> .
<http://www.w3.org/2000/01/rdf-schema#subClassOf> <http://www.w3.org/2000/01/rdf-schema#label> "subClassOf"@en .
<http://www.w3.org/2000/01/rdf-schema#subClassOf> <http://www.w3.org/2000/01/rdf-schema#range> <http://www.w3.org/2000/01/rdf-schema#Class> .
<http://www.w3.org/2000/01/rdf-schema#subPropertyOf> <http://www.w3.org/1999/02/22-rdf-syntax-ns#type> <http://www.w3.org/1999/02/22-rdf-syntax-ns#Property> .
<http://www.w3.org/2000/01/rdf-schema#subPropertyOf> <http://www.w3.org/2000/01/rdf-schema#comment> "Indicates specialization of properties" .
<http://www.w3.org/2000/01/rdf-schema#subPropertyOf> <http://www.w3.org/2000/01/rdf-schema#domain> <http://www.w3.org/1999/02/22-rdf-syntax-ns#Property> .
<http://www.w3.org/2000/01/rdf-schema#subPropertyOf> <http://www.w3.org/2000/01/rdf-schema#isDefinedBy> <http://www.w3.org/2000/01/rdf-schema#> .
<http://www.w3.org/2000/01/rdf-schema#subPropertyOf> <http://www.w3.org/2000/01/rdf-schema#label> "subPropertyOf"@en .
<http://www.w3.org/2000/01/rdf-schema#subPropertyOf> <http://www.w3.org/2000/01/rdf-schema#range> <http://www.w3.org/1999/02/22-rdf-syntax-ns#Property> .
