<http://example.org/foo#a> <http://example.org/foo#b> "\nthis \ris a \U00015678long\t\nliteral\uABCD\n" .
<http://example.org/foo#d> <http://example.org/foo#e> "\tThis \uABCDis\r \U00015678another\n\none\n" .
