_:b1 <http://www.w3.org/2001/sw/DataAccess/df1/tests/test-00.ttl#x> <http://www.w3.org/2001/sw/DataAccess/df1/tests/test-00.ttl#y> .
