<http://example.org#a> <http://example.org#b> "true"^^<http://www.w3.org/2001/XMLSchema#boolean> .
<http://example.org#c> <http://example.org#d> "false"^^<http://www.w3.org/2001/XMLSchema#boolean> .
