<http://example.org/base#a> <http://example.org/base#b> <http://example.org/base#c> .
<http://example.org/base#a> <http://example.org/base#d> <http://example.org/base#e> .
<http://example.org/base#a> <http://example.org/base#f> <http://example.org/base#g> .
