<http://example.org/#a> <http://example.org/#b> <http://example.org/#c> .
<http://example.org/#d> <http://example.org/#e> <http://example.org/#f> .
<http://example.org/#g> <http://example.org/#h> <http://example.org/#i> .
<http://example.org/#g> <http://example.org/#h> <http://example.org/#j> .
<http://example.org/#k> <http://example.org/#l> <http://example.org/#m> .
<http://example.org/#k> <http://example.org/#n> <http://example.org/#o> .
<http://example.org/#k> <http://example.org/#p> <http://example.org/#q> .
