<http://example.org/ex#a> <http://example.org/ex#b> "John said: \"Hello World!\"" .
