<http://example.org/#a> <http://example.org/#b> "" .
<http://example.org/#c> <http://example.org/#d> "" .
